^C
######################################################################
# NIFTY 50 STOCK PRICE PREDICTION ENGINE
# Continuous score output in range [-1, 1]
######################################################################

----------------------------------------------------------------------
RUNNING END-OF-DAY EVALUATION
----------------------------------------------------------------------
Connecting to NSE for NIFTY 50 list...
Downloading Daily Snapshot for 50 Nifty 50 companies...
Timestamp: 21/04/2026 15:41:05 IST

Daily prices saved: C:\Users\ayush\OneDrive\Desktop\Theatre\Guido\Projects\Stock engine\outputs\latest\daily_prices.csv (50/50 stocks)
History updated in 'C:\Users\ayush\OneDrive\Desktop\Theatre\Guido\Projects\Stock engine\outputs\history\daily_prices_history.csv'
Loading Data Files...

Loaded C:\Users\ayush\OneDrive\Desktop\Theatre\Guido\Projects\Stock engine\outputs\latest\daily_prices.csv (50 stocks)
Loaded C:\Users\ayush\OneDrive\Desktop\Theatre\Guido\Projects\Stock engine\outputs\latest\nifty_sentiment_results.csv (10 signals)

===============================================================================================
SYMBOL       | SCORE    | PRED     | EXPECTED%  | ACTUAL%    | RESULT  
-----------------------------------------------------------------------------------------------
GRASIM       |  0.131 | UP       |   -0.818 |    0.206 | CORRECT 
LT           |  0.081 | NEUTRAL  |   -0.506 |    0.901 | SKIPPED 
SBILIFE      |  0.476 | UP       |   -2.971 |   -3.181 | WRONG   
TCS          | -0.124 | DOWN     |    0.774 |    1.973 | WRONG   
TMPV         | -0.087 | NEUTRAL  |    0.543 |    0.537 | SKIPPED 
===============================================================================================

PREDICTION ANALYSIS SUMMARY
Samples:                    5
Directional predictions:    3
Directional accuracy:       33.33%
Calibration k:              -6.2413
MAE (%):                    0.7690
RMSE (%):                   0.9494
MAPE (%):                   144.4500
Pearson corr (p-value):     -0.9416 (0.01677)
Spearman corr (p-value):    -0.9000 (0.03739)
Report generated:           21/04/2026 15:41:08 IST

Detailed report saved to 'C:\Users\ayush\OneDrive\Desktop\Theatre\Guido\Projects\Stock engine\outputs\latest\prediction_report.csv'
History updated in 'C:\Users\ayush\OneDrive\Desktop\Theatre\Guido\Projects\Stock engine\outputs\history\prediction_report_history.csv'
^C